// Jest Snapshot v1, https://goo.gl/fbAQLP

exports[`FbIcon should render 1`] = `
<svg
  className="fb-icon"
>
  <use
    xlinkHref="#icon_video"
  />
</svg>
`;
